// Jest Snapshot v1, https://goo.gl/fbAQLP

exports[`newpoll component should render and match screenshot 1`] = `
<div>
  <div>
    <form
      class="newPollForm"
    >
      <input
        class="inputElement"
        name="optionOne"
        placeholder="Option One"
        type="text"
      />
      <input
        class="inputElement"
        name="optionTwo"
        placeholder="Option Two"
        type="text"
      />
      <button
        class="btn"
      >
        Add
      </button>
    </form>
  </div>
</div>
`;
